[www.grras.com/index.html]
[backblue.gif]
[fade.gif]
[index.html]
[googledrive.com/host/0BzsEdbwmsWXtWGtwa0JUS0JqZWc/validation.0.delayed]
[www.google-analytics.com/analytics.js]
[www.grras.com/xmlrpc0db0.php]
[bettercontactform.com/contact/media/9/8/9830df58a7273ec35d6930d82dec3a557c6a5de5.js]
[www.grras.com/comments/feed/index.html]
[www.grras.com/page/2/index.html]
[www.grras.com/feed/index.html]
[www.grras.com/forums.5.delayed]
[www.grras.com/blog/index.html]
[www.grras.com/registration/index.html]
[www.grras.com/photo-gallery/index.html]
[www.grras.com/sitemap/index.html]
[www.grras.com/contact-us/index681a.html]
[www.grras.com/testimonials/index.html]
[www.grras.com/contact-us/index0b30.html]
[www.grras.com/summer-industrial-training/index.html]
[www.grras.com/contact-us/indexd708.html]
[www.grras.com/courses/redhat-linux-administration/rhce/index.html]
[www.grras.com/courses/redhat-linux-administration/red-hat-enterprise-linux-7/index.html]
[www.grras.com/courses/php/advanced-php-course-in-jaipur.10.delayed]
[www.grras.com/courses/redhat-linux-securities/red-hat-enterprise-clustering-and-storage-management-rh436-grras/index.html]
[www.grras.com/courses/redhat-linux-securities/red-hat-storage-server-administration-rh236/index.html]
[www.grras.com/courses/redhat-certification-bootcamp-and-exam/index.html]
[www.grras.com/courses/oracle-java/core-java-programming-institute-jaipur/index.html]
[www.grras.com/exam-dates/4/index.html]
[www.grras.com/exam-dates/5/index.html]
[www.grras.com/testimonials/write-testimonial/index.html]
[www.grras.com/redhat-offers/index.html]
[www.grras.com/news-events/index.html]
[www.grras.com/wp-content/uploads/2014/09/11-1154x389.jpg]
[www.grras.com/career/job-openings/index.html]
[www.grras.com/wp-content/uploads/2014/09/slider_bg2-1170x395.jpg]
[www.grras.com/wp-content/uploads/2014/09/21-1154x389.jpg]
[www.grras.com/wp-content/uploads/2014/09/61-1000x337.jpg]
[www.grras.com/wp-content/uploads/2014/09/4-1000x337.jpg]
[www.grras.com/wp-content/uploads/2014/09/location-1000x337.jpg]
[www.grras.com/about-us/awards-and-recognitions/index.html]
[www.grras.com/index.html]
[eaab25b6958ba25cfed14bcd8a8bacbdb6d33bc8.googledrive.com/host/0BzsEdbwmsWXtWGtwa0JUS0JqZWc/validation.js]
[www.grras.com/page/2/index.html]
[www.grras.com/forums.html]
[www.grras.com/blog/index.html]
[www.grras.com/registration/index.html]
[www.grras.com/photo-gallery/index.html]
[www.grras.com/sitemap/index.html]
[www.grras.com/profile/index.html]
[www.grras.com/awards-and-recognitions/index.html]
[www.grras.com/contact-us/index681a.html]
[www.grras.com/contact-us/index0b30.html]
[www.grras.com/contact-us/indexd708.html]
[www.grras.com/moments-milestones/index.html]
[www.grras.org/landing-event/f8627be057559fd58833f30688a9a720.jpg]
[www.grras.org/landing-event/c7461f63913980d2ac402fbdda4a285c.jpg]
[www.grras.org/landing-event/68712e29ea7affa77871387c891612bf.30.delayed]
[www.grras.org/landing-event/6ecd0bded27ef8d23a81daeb21b194a9.jpg]
[www.grras.org/landing-event/1f85293a79375e94ba8873842aa91070.jpg]
[www.grras.org/landing-event/5f117926826704fbab6fd021bfb8fa06.jpg]
[www.grras.org/landing-event/cce91af41603a07b63a6984c59781148.jpg]
[www.grras.org/landing-event/3e807bf1f83888c7bfc10d6a48a14de4.jpg]
[www.grras.org/landing-event/e371b10579f47f570ba8422ba28554c7.jpg]
[www.grras.org/landing-event/fd2220468ef815da52308442ede56d41.jpg]
[www.grras.com/testimonials/index.html]
[www.grras.com/corporate-training/index.html]
[www.grras.com/online-training/index.html]
[www.grras.com/offshore-training/index.html]
[www.grras.com/customized-boot-camp/index.html]
[www.grras.com/summer-industrial-training/index.html]
[www.grras.com/1-to-1-training/index.html]
[www.grras.com/workshopsseminars/index.html]
[www.grras.com/placement-assistance/index.html]
[www.grras.com/staffing-services/index.html]
[www.grras.com/it-consulting-service/index.html]
[www.grras.com/data-center-hosting-solutions/index.html]
[www.grras.com/rent-a-class-room/index.html]
[www.grras.com/courses/redhat-linux-administration/rhce/index.html]
[www.grras.com/courses/redhat-linux-administration/red-hat-enterprise-linux-7/index.html]
[www.grras.com/courses/redhat-linux-securities/red-hat-enterprise-clustering-and-storage-management-rh436-grras/index.html]
[www.grras.com/courses/red-hat-enterprise-performance-tuning-rh442/index.html]
[www.grras.com/courses/redhat-linux-securities/red-hat-storage-server-administration-rh236/index.html]
[www.grras.com/courses/redhat-certification-bootcamp-and-exam/index.html]
[www.grras.com/courses/oracle-java/core-java-programming-institute-jaipur/index.html]
[www.grras.com/courses/php/advanced-php-course-in-jaipur.html]
[www.grras.com/exam-dates/4/index.html]
[www.grras.com/exam-dates/5/index.html]
[www.grras.com/testimonials/write-testimonial/index.html]
[www.grras.com/redhat-offers/index.html]
[www.grras.com/news-events/index.html]
[www.grras.com/career/job-openings/index.html]
[www.grras.com/about-us/awards-and-recognitions/index.html]
[www.grras.com/courses/redhat-linux-securities/red-hat-server-hardening-rh413/index.html]
[www.grras.com/courses/redhat-linux-securities/red-hat-enterprise-deployment-and-systems-management-rh401-course-pune-jaipur/index.html]
[www.grras.com/courses/redhat-linux-securities/red-hat-certified-virtualization-administrator-rhcva-training/index.html]
[www.grras.com/courses/redhat-linux-securities/cloud-computing-training-institutes-in-pune-jaipur/index.html]
[www.grras.com/courses/course_info-phpscat_id9/cisco-networking-ccna-training-jaipur/index.html]
[www.grras.com/courses/course_info-phpscat_id9/course_info-phpscat_id10/index.html]
[www.grras.com/courses/oracle-java/advance-java-programming-institute-jaipur/index.html]
[www.grras.com/courses/php/core-php/index.html]
[www.grras.com/courses/security-hacking/ceh-training-institutes-in-jaipur-pune/index.html]
[www.grras.com/courses/other-courses/android-application-development-android-app/index.html]
[www.grras.com/courses/other-courses/shell-scripting-training-in-pune-jaipur/index.html]
[www.grras.com/courses/other-courses/perl-script-training-in-pune/index.html]
[www.grras.com/courses/other-red-hat-courses/red-hat-enterprise-linux-troubleshooting-rh242/index.html]
[www.grras.com/results/index.html]
[www.grras.com/exam-dates/index.html]
[www.grras.com/exam-dates/1/index.html]
[www.grras.com/exam-dates/2/index.html]
[www.grras.com/exam-dates/3/index.html]
[www.grras.com/new-batches/index.html]
[www.grras.com/career/job-openings/apply-for-job/index.html]
[www.grras.com/career/placed-students/index.html]
[www.grras.com/career/upcomming-recruitments/index.html]
[www.grras.com/career/shortlisted/index.html]
[www.grras.com/jaipur-contact/index.html]
[www.grras.com/contact-nagpur/index.html]
[www.grras.com/contact-pune/index.html]
[www.grras.com/contact-ahmedabad/index.html]
[www.grras.com/contact-gurgaon/index.html]
[www.grras.com/courses/redhat-linux-securities/redhat-openstack-adminisration-cl210/index.html]
[www.grras.com/courses/redhat-linux-securities/red-hat-certified-virtualization-administrator-rhcva/index.html]
[www.grras.com/summer-training-in-jaipur]
[www.grras.com/facility/infrastructure/index.html]
[www.grras.com/facility/faculty/index.html]
[www.grras.com/facility/awards-and-recognitions/index.html]
[www.grras.com/training/customized-boot-camp/index.html]
[www.grras.com/facitily/free-resources/index.html]
[www.grras.com/placement-center]
[www.grras.com/training/online-training/index.html]
[www.grras.com/contact-us/index.html]
[www.grras.com/nomination-2016-has-been-started-for-the-contribution-of-women-in-opensource/index.html]
[www.grras.com/redhat-acquire-it-automation-tool-ansible/index.html]
[www.grras.com/corporate-training-new/index.html]
[www.grras.com/contact-us/indexd61c.html]
[www.grras.com/contact-us/indexdcfd.html]
[www.grras.com/contact-us/index8803.html]
[www.grras.com/grras_org/wp-content/themes/my_theme/index.html]
[www.grras.com/page/3/index.html]
[www.grras.com/blog/feed/index.html]
[www.grras.com/index7dad.html]
[www.grras.com/linux-in-ahemdabad/index.html]
[www.grras.com/cloud-computing-training-institute-in-ahemdabad/index.html]
[www.grras.com/rhce-in-ahemdabad/index.html]
[www.grras.com/benifits-of-systemctl-command-over-service-commands/index.html]
[www.grras.com/big-data-storage-server-rh236-training-and-certifications-in-pune/index.html]
[www.grras.com/unixlinux-shell-scripting-in-pune/index.html]
[www.grras.com/cloud-computing-training-redhat-openstack-administration-training-and-certification-exam-cl210-in-pune/index.html]
[www.grras.com/blog/page/2/index.html]
[www.grras.com/registration/feed/index.html]
[www.grras.com/indexad28.html]
[www.grras.com/request-demo/index.html]
[www.grras.com/wp-content/uploads/wpcf7_captcha/2925548187.png]
[www.grras.com/photo-gallery/feed/index.html]
[www.grras.com/indexf3dd.html]
[www.grras.com/sitemap/feed/index.html]
[www.grras.com/indexf175.html]
[www.grras.com/php-in-ahmedabad/index.html]
[www.grras.com/certified-ethical-hacking-cehv8-in-ahmedabad/index.html]
[www.grras.com/cisco-certified-network-associate-ccna-in-ahmedabad/index.html]
[www.grras.com/become-a-ethical-hackerpenetration-tester-what-how-and-why/index.html]
[www.grras.com/nested-classes-in-java/index.html]
[www.grras.com/how-to-perform-cisco-router-password-recovery-without-losing-configuration-2/index.html]
[www.grras.com/how-to-configure-dhcp-server-on-a-cisco-router/index.html]
[www.grras.com/virtualization-training-and-certification-rh318-in-pune/index.html]
[www.grras.com/redhat-linux-administration-training-and-certification-rhcsarhce-in-pune/index.html]
[www.grras.com/how-to-configure-network-using-nmcli-in-rhel7/index.html]
[www.grras.com/installation-of-red-hat-enterprise-linux-rhel-7-0/index.html]
[www.grras.com/how-to-reset-root-password-in-rhel-7/index.html]
[www.grras.com/dhcp-server-under-linux/index.html]
[www.grras.com/what-is-iscsi-i-scuzzy/index.html]
[www.grras.com/ntp-server-configuration-on-rhel-7/index.html]
[www.grras.com/extending-swap-partition-in-linux/index.html]
[www.grras.com/client-server-model/index.html]
[www.grras.com/how-to-crack-the-password-in-linux/index.html]
[www.grras.com/cron-job-scheduling/index.html]
[www.grras.com/what-is-raid/index.html]
[www.grras.com/installing-vlc-media-player-in-rhel-7/index.html]
[www.grras.com/rhel-7-training-rhcsarhce-version-7/index.html]
[www.grras.com/difference-between-open-source-closed-source/index.html]
[www.grras.com/backup-in-linux/index.html]
[www.grras.com/creating-lvm-logical-volume-management-partition-in-redhat-linux/index.html]
[www.grras.com/about-us/index.html]
[www.grras.com/about-us/moments-milestones/index.html]
[www.grras.com/about-us/profile/index.html]
[www.grras.com/course_info-phpcat_id8/index.html]
[www.grras.com/add-testimonial/index.html]
[www.grras.com/bootcamp-openstack-pune/index.html]
[www.grras.com/career/index.html]
[www.grras.com/career/job-openings/job-details/index.html]
[www.grras.com/career/upcomming-recruitments/apply-for-recruitment-drive/index.html]
[www.grras.com/career/upcomming-recruitments/upcomming-recruitment-details/index.html]
[www.grras.com/certification/index.html]
[www.grras.com/certification/ccna/index.html]
[www.grras.com/certification/ccnp/index.html]
[www.grras.com/certification/rhca/index.html]
[www.grras.com/certification/rhcds/index.html]
[www.grras.com/certification/rhce/index.html]
[www.grras.com/certification/rhcsa/index.html]
[www.grras.com/certification/rhcss/index.html]
[www.grras.com/contact-us-2/index.html]
[www.grras.com/contact-us-2/test/index.html]
[www.grras.com/course-schedule/index.html]
[www.grras.com/course-schedule/redhat/index.html]
[www.grras.com/course-schedule/scjp/index.html]
[www.grras.com/courses/index.html]
[www.grras.com/courses/course_info-phpscat_id9/index.html]
[www.grras.com/courses/oracle-java/index.html]
[www.grras.com/courses/other-courses/index.html]
[www.grras.com/courses/other-courses/python-a-dragon-language/index.html]
[www.grras.com/courses/other-red-hat-courses/index.html]
[www.grras.com/courses/other-red-hat-courses/red-hat-enterprise-linux-troubleshooting-rh242-training-in-pune-jaipur/index.html]
[www.grras.com/courses/php/index.html]
[www.grras.com/courses/php/advanced-php-course-in-jaipur-pune/index.html]
[www.grras.com/courses/redhat-certification-bootcamp-exam-training-preparation-pune/index.html]
[www.grras.com/courses/redhat-linux-securities/index.html]
[www.grras.com/courses/redhat-linux-securities/expertise-in-selinux-rhs429-pune-jaipur/index.html]
[www.grras.com/courses/redhat-linux-securities/red-hat-enterprise-performance-tuning-rh442/index.html]
[www.grras.com/courses/redhat-linux-administration/index.html]
[www.grras.com/courses/redhat-linux-administration/rhcsa-rhce/index.html]
[www.grras.com/courses/security-hacking/index.html]
[www.grras.com/courses/security-hacking/certified-kali-linux-professional-cklp/index.html]
[www.grras.com/courses/security-hacking/certified-network-security-professional-cnsp/index.html]
[www.grras.com/courses/security-hacking/certified-web-application-security-professional-cwasp/index.html]
[www.grras.com/courses/security-hacking/licensed-penetration-tester-lpt/index.html]
[www.grras.com/course_info-phpscat_id7/index.html]
[www.grras.com/course_info-phpscat_id6/index.html]
[www.grras.com/facility/index.html]
[www.grras.com/facility/free-resources/index.html]
[www.grras.com/interview-tips/index.html]
[www.grras.com/jaipur/index.html]
[www.grras.com/jaipur-lalkhoti/index.html]
[www.grras.com/linux-certification-and-redhat-certification-in-pune/index.html]
[www.grras.com/live-project-training/index.html]
[www.grras.com/placement-center/index.html]
[www.grras.com/rajat/index.html]
[www.grras.com/redhat-offers/details/index.html]
[www.grras.com/services/index.html]
[www.grras.com/services/it-consulting-service/index.html]
[www.grras.com/services/data-center-hosting-solutions/index.html]
[www.grras.com/services/placement-assistance/index.html]
[www.grras.com/services/rent-a-class-room/index.html]
[www.grras.com/services/staffing-services/index.html]
[www.grras.com/software-courses/index.html]
[www.grras.com/software-courses/course_info-phpscat_id32/index.html]
[www.grras.com/software-courses/course_info-phpscat_id31/index.html]
[www.grras.com/software-courses/course_info-phpscat_id30/index.html]
[www.grras.com/software-courses/perl-scripting/index.html]
[www.grras.com/software-courses/course_info-phpscat_id11/index.html]
[www.grras.com/summer-training-in-jaipur/index.html]
[www.grras.com/summer-training-in-jaipur/gpi-1/index.html]
[www.grras.com/summer-training-in-jaipur/gpi-10/index.html]
[www.grras.com/summer-training-in-jaipur/gpi-11/index.html]
[www.grras.com/summer-training-in-jaipur/gpi-12/index.html]
[www.grras.com/summer-training-in-jaipur/gpi-13/index.html]
[www.grras.com/summer-training-in-jaipur/gpi-2/index.html]
[www.grras.com/summer-training-in-jaipur/gpi-3/index.html]
[www.grras.com/summer-training-in-jaipur/gpi-4/index.html]
[www.grras.com/summer-training-in-jaipur/gpi-5/index.html]
[www.grras.com/summer-training-in-jaipur/gpi-6/index.html]
[www.grras.com/summer-training-in-jaipur/gpi-7/index.html]
[www.grras.com/summer-training-in-jaipur/gpi-8/index.html]
[www.grras.com/summer-training-in-jaipur/gpi-9/index.html]
[www.grras.com/test-3/index.html]
[www.grras.com/training/index.html]
[www.grras.com/training/1-to-1-training/index.html]
[www.grras.com/training/corporate-training/index.html]
[www.grras.com/training/customized-boot-camp-2/index.html]
[www.grras.com/training/offshore-training/index.html]
[www.grras.com/training/summer-trainingindustrial-training/index.html]
[www.grras.com/training/workshopsseminars/index.html]
[www.grras.com/contact-us/feed/index.html]
[www.grras.com/index9a88.html]
[www.grras.com/jaipur-contact]
[www.grras.com/jaipur-lalkhoti]
[www.grras.com/contact-nagpur]
[www.grras.com/contact-pune]
[www.grras.com/contact-ahmedabad]
[www.grras.com/contact-gurgaon]
[www.grras.com/testimonials/feed/index.html]
[www.grras.com/indexd7c9.html]
[www.grras.com/testimonials/indexd1e4.html]
[www.grras.com/testimonials/index31f1.html]
[www.grras.com/testimonials/index148d.html]
[www.grras.com/testimonials/indexf712.html]
[www.grras.com/testimonials/index5b21.html]
[www.grras.com/testimonials/index0bb3.html]
[www.grras.com/testimonials/index65d2.html]
[www.grras.com/write-testimonial/index.html]
[www.grras.com/wp-content/uploads/2013/12/f8627be057559fd58833f30688a9a720-604x270.html]
[www.grras.com/courses/redhat-linux-administration/red-hat-enterprise-linux-7/feed/index.html]
[www.grras.com/index7a78.html]
[www.grras.com/courses/index4b0e.html]
[www.grras.com/courses/indexf93f.html]
[www.grras.com/courses/index9bef.html]
[www.grras.com/courses/indexa54b.html]
[www.grras.com/courses/index06ad.html]
[www.grras.com/courses/index0968.html]
[www.grras.com/courses/indexc2b9.html]
[www.grras.com/courses/index9a32.html]
[www.grras.com/courses/indexc9fe.html]
[www.grras.com/courses/indexf31e.html]
[www.grras.com/courses/indexedfb.html]
[www.grras.com/courses/indexe0eb.html]
[www.grras.com/courses/index3224.html]
[www.grras.com/courses/indexef65.html]
[www.grras.com/courses/index577e.html]
[www.grras.com/courses/index0ed0.html]
[www.grras.com/courses/indexfee9.html]
[www.grras.com/courses/index7163.html]
[www.grras.com/courses/index72bd.html]
[www.grras.com/courses/indexce4e.html]
[www.grras.com/courses/index3885.html]
[www.grras.com/courses/index641c.html]
[www.grras.com/courses/index25d6.html]
[www.grras.com/courses/index920d.html]
[www.grras.com/courses/index22a4.html]
[www.grras.com/courses/indexff1b.html]
[www.grras.com/courses/index6add.html]
[www.grras.com/wp-content/uploads/wpcf7_captcha/1373876990.html]
[www.grras.com/courses/redhat-linux-securities/red-hat-enterprise-clustering-and-storage-management-rh436-grras/feed/index.html]
[www.grras.com/indexbefb.html]
[www.grras.com/wp-content/uploads/wpcf7_captcha/3526971069.html]
[www.grras.com/courses/redhat-linux-securities/red-hat-storage-server-administration-rh236/feed/index.html]
[www.grras.com/indexd250.html]
[www.grras.com/wp-content/uploads/wpcf7_captcha/3389046341.html]
[www.grras.com/courses/oracle-java/core-java-programming-institute-jaipur/feed/index.html]
[www.grras.com/index8381.html]
[www.grras.com/exam-dates/feed/index.html]
[www.grras.com/index4e6a.html]
[www.grras.com/testimonials/write-testimonial/feed/index.html]
[www.grras.com/indexf604.html]
[www.grras.com/redhat-offers/feed/index.html]
[www.grras.com/index674c.html]
[www.grras.com/career/details/indexc3c9.html]
[www.grras.com/career/details/index8803.html]
[www.grras.com/career/details/index3a9f.html]
[www.grras.com/career/details/indexd61c.html]
[www.grras.com/news-events/feed/index.html]
[www.grras.com/index62bf.html]
[www.grras.com/career/job-openings/feed/index.html]
[www.grras.com/indexf488.html]
[www.grras.com/career/redhat-notes/index.html]
[www.grras.com/career/placed-students.html]
[www.grras.com/career/upcomming-recruitments.html]
[www.grras.com/career/shortlisted.html]
[www.grras.com/career/job-details/index3a9f.html]
[www.grras.com/career/apply-for-job/index3a9f.html]
[www.grras.com/career/apply-for-job/indexd61c.html]
[www.grras.com/index44fb.html]
[www.grras.com/about-us/indexa03b.html]
[www.grras.com/about-us/indexb2ba.html]
[www.grras.com/about-us/indexf227.html]
[www.grras.com/wp-content/uploads/2014/09/awad.html]
[www.grras.com/wp-content/uploads/2014/09/awad-300x196.html]
[www.grras.com/wp-content/uploads/2014/09/12.html]
[www.grras.com/wp-content/uploads/2014/09/31.html]
[www.grras.com/wp-content/uploads/2014/09/111.html]
